// Vitest Snapshot v1, https://vitest.dev/guide/snapshot.html

exports[`within usersSelectors > the selectors match their snapshots > for the sourceUserEmailsByWorkspaceIdSelector 1`] = `
[
  {
    "email": "mary@testarossa.com",
    "entryCount": 0,
    "id": "6002",
    "isActive": true,
    "isAdmin": null,
    "isIncluded": true,
    "linkedId": null,
    "memberOf": "users",
    "name": "Mary Testarossa",
    "userGroupIds": [],
    "workspaceId": "1001",
  },
]
`;

exports[`within usersSelectors > the selectors match their snapshots > for the sourceUserEmailsByWorkspaceIdSelector 2`] = `
{
  "6001": "clock-user-01",
  "clock-user-01": "6001",
}
`;

exports[`within usersSelectors > the selectors match their snapshots > for the sourceUserEmailsByWorkspaceIdSelector 3`] = `
[
  {
    "email": "mary@testarossa.com",
    "entryCount": 0,
    "id": "6002",
    "isActive": true,
    "isAdmin": null,
    "isIncluded": true,
    "linkedId": null,
    "memberOf": "users",
    "name": "Mary Testarossa",
    "userGroupIds": [],
    "workspaceId": "1001",
  },
]
`;

exports[`within usersSelectors > the selectors match their snapshots > for the sourceUserEmailsByWorkspaceIdSelector 4`] = `
{
  "clock-workspace-01": [
    "test-user@test.com",
    "mary@testarossa.com",
  ],
}
`;
