// Jest Snapshot v1, https://goo.gl/fbAQLP

exports[`the <AccordionPanel> component matches its snapshot with valid props 1`] = `
.emotion-0 {
  display: -webkit-box;
  display: -webkit-flex;
  display: -ms-flexbox;
  display: flex;
  -webkit-align-items: center;
  -webkit-box-align: center;
  -ms-flex-align: center;
  align-items: center;
  -webkit-box-pack: center;
  -ms-flex-pack: center;
  -webkit-justify-content: center;
  justify-content: center;
  width: 100%;
  margin-bottom: 1rem;
  padding: 0.75rem 1rem;
  background-color: var(--color-white);
  border-radius: 0.375rem;
  box-shadow: var(--elevation-dp2);
  color: var(--color-primary);
  font-size: 1.25rem;
  text-align: left;
}

.emotion-0:hover {
  background-color: var(--color-primary);
  color: var(--color-white);
  -webkit-text-decoration: underline;
  text-decoration: underline;
}

.emotion-0:hover path {
  fill: var(--color-white);
}

.emotion-1 {
  margin-bottom: 2rem;
  padding: 0 1rem;
}

<div>
  <h3
    style="margin: 0px;"
  >
    <button
      aria-controls="accordion-content-1"
      aria-expanded="false"
      class="emotion-0"
      id="accordion-title-1"
    >
      Test Title
      <svg
        aria-describedby="icon-circleAdd-desc"
        aria-labelledby="icon-circleAdd-title"
        height="32"
        role="presentation"
        version="1.1"
        viewBox="0 0 48 48"
        width="32"
      >
        <title
          id="icon-circleAdd-title"
        >
          Circle with Plus Sign Icon
        </title>
        <desc
          id="icon-circleAdd-desc"
        >
          A circle with a plus sign in the middle.
        </desc>
        <path
          d="M26 14h-4v8h-8v4h8v8h4v-8h8v-4h-8v-8zM24 4C12.95 4 4 12.95 4 24 s8.95 20 20 20 20-8.95 20-20S35.05 4 24 4zm0 36c-8.82 0-16-7.18-16-16S15.18 8 24 8s16 7.18 16 16-7.18 16-16 16z"
          data-testid="svg-icon-path"
          fill="primary"
        />
      </svg>
    </button>
  </h3>
  <div
    aria-hidden="true"
    aria-labelledby="accordion-title-1"
    class="emotion-1"
    id="accordion-content-1"
    role="region"
    style="display: none;"
  >
    Test Children
  </div>
</div>
`;
