// Jest Snapshot v1, https://goo.gl/fbAQLP

exports[`the <Card> component matches its snapshot with valid props 1`] = `
.emotion-0 {
  display: -webkit-box;
  display: -webkit-flex;
  display: -ms-flexbox;
  display: flex;
  -webkit-flex: 0 0 20rem;
  -ms-flex: 0 0 20rem;
  flex: 0 0 20rem;
  -webkit-flex-direction: column;
  -ms-flex-direction: column;
  flex-direction: column;
  margin: 0 1rem 2rem;
  padding: 1rem;
  border-radius: 0.5rem;
  background-color: var(--color-primary);
  color: var(--color-secondary);
  box-shadow: var(--elevation-dp4);
}

@media (max-width: 32rem) {
  .emotion-0 {
    -webkit-flex-basis: 16rem;
    -ms-flex-preferred-size: 16rem;
    flex-basis: 16rem;
  }
}

<div>
  <li
    class="emotion-0"
  >
    <h2>
      Test Title
    </h2>
  </li>
</div>
`;
