// Jest Snapshot v1, https://goo.gl/fbAQLP

exports[`the <InclusionsTableTitle> component matches its snapshot with valid props 1`] = `
.emotion-0 {
  display: -webkit-box;
  display: -webkit-flex;
  display: -ms-flexbox;
  display: flex;
  -webkit-align-items: center;
  -webkit-box-align: center;
  -ms-flex-align: center;
  align-items: center;
  -webkit-box-pack: center;
  -ms-flex-pack: center;
  -webkit-justify-content: center;
  justify-content: center;
}

.emotion-0 button {
  padding: 0.25rem 0.5rem;
  border-radius: 0.25rem;
  font-size: 0.875rem;
  font-weight: var(--font-weight-bold);
}

.emotion-1 {
  padding: 0.5rem 0.75rem;
  vertical-align: middle;
  border-radius: 0.375rem;
  text-align: center;
  font-size: 1.25rem;
  font-weight: 400;
  background-color: var(--color-midnight);
  color: var(--color-secondary);
  box-shadow: var(--elevation-dp1);
  opacity: 1;
  -webkit-transition: all 250ms linear;
  transition: all 250ms linear;
  background-color: var(--color-secondary);
  color: var(--color-primary);
  border: 3px solid var(--color-primary);
}

.emotion-1:hover:not(:disabled) {
  opacity: 0.6;
  -webkit-text-decoration: underline;
  text-decoration: underline;
}

.emotion-1:focus {
  outline-color: var(--color-primary);
}

<div
  class="emotion-0"
>
  <h4>
    Test Title
  </h4>
  <button
    aria-disabled="false"
    class="emotion-1"
    type="button"
  >
    Include All/None
  </button>
</div>
`;
