// Jest Snapshot v1, https://goo.gl/fbAQLP

exports[`the <InclusionsTableBody> component matches its snapshot with valid props 1`] = `
<tbody>
  <tr
    data-disabled="true"
  >
    <td>
      Test Client A
    </td>
    <td>
      3
    </td>
    <td>
      1
    </td>
    <td
      data-include="true"
    >
      <input
        disabled=""
        type="checkbox"
      />
    </td>
  </tr>
  <tr
    data-disabled="true"
  >
    <td>
      Test Client B
    </td>
    <td>
      3
    </td>
    <td>
      1
    </td>
    <td
      data-include="true"
    >
      <input
        disabled=""
        type="checkbox"
      />
    </td>
  </tr>
</tbody>
`;
